matches the snapshot:
  1: |
    apiVersion: openidclient.keycloak.crossplane.io/v1alpha1
    kind: Client
    metadata:
      name: openmfp
    spec:
      forProvider:
        accessType: CONFIDENTIAL
        clientId: openmfp
        enabled: true
        name: OpenMFP
        realmIdRef:
          name: openmfp
        standardFlowEnabled: true
        validRedirectUris:
          - http://localhost:8000/callback*
      providerConfigRef:
        name: keycloak-provider-config
      writeConnectionSecretToRef:
        name: portal-client-secret-openmfp
        namespace: openmfp-system
  2: |
    apiVersion: openidclient.keycloak.crossplane.io/v1alpha1
    kind: ClientDefaultScopes
    metadata:
      name: openmfp-default-scopes
    spec:
      forProvider:
        clientIdRef:
          name: openmfp
        defaultScopes:
          - profile
          - email
          - basic
          - acr
          - groups
          - trusted-openmfp-auds
        realmIdRef:
          name: openmfp
      providerConfigRef:
        name: keycloak-provider-config
  3: |
    apiVersion: defaults.keycloak.crossplane.io/v1alpha1
    kind: DefaultGroups
    metadata:
      name: default
    spec:
      forProvider:
        groupIdsRefs:
          - name: portal
        realmIdRef:
          name: openmfp
      providerConfigRef:
        name: keycloak-provider-config
  4: |
    apiVersion: group.keycloak.crossplane.io/v1alpha1
    kind: Group
    metadata:
      name: portal
    spec:
      forProvider:
        name: portal
        realmIdRef:
          name: openmfp
      providerConfigRef:
        name: keycloak-provider-config
  5: |
    apiVersion: openidclient.keycloak.crossplane.io/v1alpha1
    kind: ClientScope
    metadata:
      name: groups-client-scope
    spec:
      forProvider:
        description: When requested, this scope will map a user's group memberships to a claim
        includeInTokenScope: true
        name: groups
        realmIdRef:
          name: openmfp
      providerConfigRef:
        name: keycloak-provider-config
  6: |
    apiVersion: openidgroup.keycloak.crossplane.io/v1alpha1
    kind: GroupMembershipProtocolMapper
    metadata:
      name: group-membership-mapper
    spec:
      forProvider:
        claimName: groups
        clientIdRef:
          name: groups-client-scope
        name: group-membership-mapper
        realmIdRef:
          name: openmfp
      providerConfigRef:
        name: keycloak-provider-config
  7: |
    apiVersion: oidc.keycloak.crossplane.io/v1alpha1
    kind: IdentityProvider
    metadata:
      name: sap
    spec:
      forProvider:
        alias: sap
        authorizationUrl: https://login.microsoftonline.com/42f7676c-f455-423c-82f6-dc2d99791af7/oauth2/v2.0/authorize
        clientId: 82b4c72c-ff99-4df6-ba4f-fb634d1fc491
        clientSecretSecretRef:
          key: client-secret
          name: sap-client-secret
          namespace: openmfp-system
        defaultScopes: openid email profile
        hideOnLoginPage: true
        issuer: https://login.microsoftonline.com/42f7676c-f455-423c-82f6-dc2d99791af7/v2.0
        realmRef:
          name: openmfp
        tokenUrl: https://login.microsoftonline.com/42f7676c-f455-423c-82f6-dc2d99791af7/oauth2/v2.0/token
        trustEmail: true
      providerConfigRef:
        name: keycloak-provider-config
  8: |
    apiVersion: identityprovider.keycloak.crossplane.io/v1alpha1
    kind: IdentityProviderMapper
    metadata:
      name: lastname
    spec:
      forProvider:
        extraConfig:
          Claim: last_name
          UserAttribute: lastName
          syncMode: INHERIT
        identityProviderAlias: sap
        identityProviderMapper: oidc-user-attribute-idp-mapper
        name: last_name
        realmRef:
          name: openmfp
      providerConfigRef:
        name: keycloak-provider-config
  9: |
    apiVersion: identityprovider.keycloak.crossplane.io/v1alpha1
    kind: IdentityProviderMapper
    metadata:
      name: firstname
    spec:
      forProvider:
        extraConfig:
          Claim: first_name
          UserAttribute: firstName
          syncMode: INHERIT
        identityProviderAlias: sap
        identityProviderMapper: oidc-user-attribute-idp-mapper
        name: first_name
        realmRef:
          name: openmfp
      providerConfigRef:
        name: keycloak-provider-config
  10: |
    apiVersion: openidclient.keycloak.crossplane.io/v1alpha1
    kind: ClientScope
    metadata:
      name: trusted-openmfp-audiences
    spec:
      forProvider:
        includeInTokenScope: true
        name: trusted-openmfp-audiences
        realmIdRef:
          name: openmfp
      providerConfigRef:
        name: keycloak-provider-config
  11: |
    apiVersion: client.keycloak.crossplane.io/v1alpha1
    kind: ProtocolMapper
    metadata:
      name: gardener-trust
    spec:
      forProvider:
        clientScopeIdRef:
          name: trusted-openmfp-audiences
        config:
          access.token.claim: "true"
          id.token.claim: "true"
          included.client.audience: gardener
          introspection.token.claim: "true"
          lightweight.claim: "false"
          userinfo.token.claim: "true"
        protocol: openid-connect
        protocolMapper: oidc-audience-mapper
        realmIdRef:
          name: openmfp
      providerConfigRef:
        name: keycloak-provider-config
  12: |
    apiVersion: keycloak.crossplane.io/v1beta1
    kind: ProviderConfig
    metadata:
      name: keycloak-provider-config
      namespace: openmfp-system
    spec:
      credentials:
        secretRef:
          key: config
          name: keycloak-provider-config
          namespace: openmfp-system
        source: Secret
  13: |
    apiVersion: v1
    kind: Secret
    metadata:
      name: keycloak-provider-config
      namespace: openmfp-system
    stringData:
      config: |-
        {
          "client_id":"admin-cli",
          "username": "keycloak-admin",
          "password": "admin",
          "url": "http://keycloak-http.openmfp-system.svc.cluster.local:8080",
          "realm": "master"
        }
  14: |
    apiVersion: realm.keycloak.crossplane.io/v1alpha1
    kind: Realm
    metadata:
      name: openmfp
    spec:
      forProvider:
        accessCodeLifespan: 1h
        attributes:
          organizationsEnabled: "true"
        displayName: OpenMFP
        displayNameHtml: <b>OpenMFP</b>
        enabled: true
        loginWithEmailAllowed: true
        realm: openmfp
        registrationAllowed: false
        registrationEmailAsUsername: true
      providerConfigRef:
        name: keycloak-provider-config
