disables externalsecrets:
  1: |
    apiVersion: external-secrets.io/v1beta1
    kind: ExternalSecret
    metadata:
      name: account-operator-sa-kubeconfig
      namespace: NAMESPACE
    spec:
      data:
        - remoteRef:
            conversionStrategy: Default
            key: null
            property: kubeconfig
          secretKey: kubeconfig
      refreshInterval: 10m
      secretStoreRef:
        kind: SecretStore
        name: environment-store
      target:
        creationPolicy: Owner
        deletionPolicy: Retain
        name: account-operator-sa-kubeconfig
  2: |
    apiVersion: networking.istio.io/v1
    kind: Gateway
    metadata:
      name: gateway
      namespace: NAMESPACE
    spec:
      selector:
        istio: gateway
      servers:
        - hosts:
            - '*'
          port:
            name: http
            number: 8080
            protocol: HTTP
matches the snapshot:
  1: |
    apiVersion: external-secrets.io/v1beta1
    kind: ExternalSecret
    metadata:
      name: account-operator-sa-kubeconfig
      namespace: NAMESPACE
    spec:
      data:
        - remoteRef:
            conversionStrategy: Default
            key: account-operator-sa-kubeconfig
            property: kubeconfig
          secretKey: kubeconfig
      refreshInterval: 10m
      secretStoreRef:
        kind: SecretStore
        name: environment-store
      target:
        creationPolicy: Owner
        deletionPolicy: Retain
        name: account-operator-sa-kubeconfig
  2: |
    apiVersion: networking.istio.io/v1
    kind: Gateway
    metadata:
      name: gateway
      namespace: NAMESPACE
    spec:
      selector:
        istio: gateway
      servers:
        - hosts:
            - '*'
          port:
            name: http
            number: 8080
            protocol: HTTP
