matches the snapshot:
  1: |
    apiVersion: core.openmfp.io/v1alpha1
    kind: Store
    metadata:
      name: test
      namespace: test
    spec:
      coreModule: |2-
        module core

        type user

        type account
          relations
            define owner: [user]
            define member: [user] or owner
  2: |
    apiVersion: networking.istio.io/v1
    kind: ServiceEntry
    metadata:
      name: openmfp-https
      namespace: NAMESPACE
    spec:
      hosts:
        - example.com
      location: MESH_EXTERNAL
      ports:
        - name: https
          number: 443
          protocol: TLS
      resolution: DNS
